PS C:\wamp64\www\crud-php-simple-master> git init
Initialized empty Git repository in C:/wamp64/www/crud-php-simple-master/.git/
PS C:\wamp64\www\crud-php-simple-master> git config --global user.name "essaalshaibani" 
PS C:\wamp64\www\crud-php-simple-master> git config --global user.email "xxbc1c@gmail.com"
PS C:\wamp64\www\crud-php-simple-master> git remote add origin https://github.com/essaalshaibani/testrrr.git
PS C:\wamp64\www\crud-php-simple-master> git add .
warning: in the working copy of 'README.md', LF will be replaced by CRLF the next time Git touches it
warning: in the working copy of 'edit.php', LF will be replaced by CRLF the next time Git touches it
PS C:\wamp64\www\crud-php-simple-master> git commit -m "test1"
[master (root-commit) b7b0b0a] test1
 9 files changed, 242 insertions(+)
 create mode 100644 README.md
 create mode 100644 add.php
 create mode 100644 addAction.php
 create mode 100644 database.sql
 create mode 100644 dbConnection.php
 create mode 100644 delete.php
 create mode 100644 edit.php
 create mode 100644 editAction.php
 create mode 100644 index.php
PS C:\wamp64\www\crud-php-simple-master> git push -u origin master 
Enumerating objects: 11, done.
Counting objects: 100% (11/11), done.
Delta compression using up to 16 threads
Compressing objects: 100% (11/11), done.
Writing objects: 100% (11/11), 3.27 KiB | 669.00 KiB/s, done.
Total 11 (delta 2), reused 0 (delta 0), pack-reused 0 (from 0)
remote: Resolving deltas: 100% (2/2), done.
To https://github.com/essaalshaibani/testrrr.git
 * [new branch]      master -> master
branch 'master' set up to track 'origin/master'.
PS C:\wamp64\www\crud-php-simple-master> git add .
PS C:\wamp64\www\crud-php-simple-master> git commit -m "command git"
[master 2be2234] command git
 1 file changed, 0 insertions(+), 0 deletions(-)
 create mode 100644 git_commands
PS C:\wamp64\www\crud-php-simple-master> git push -u origin master
Enumerating objects: 4, done.
Counting objects: 100% (4/4), done.
Delta compression using up to 16 threads
Compressing objects: 100% (2/2), done.
Writing objects: 100% (3/3), 269 bytes | 269.00 KiB/s, done.
Total 3 (delta 1), reused 0 (delta 0), pack-reused 0 (from 0)
remote: Resolving deltas: 100% (1/1), completed with 1 local object.
To https://github.com/essaalshaibani/testrrr.git
   b7b0b0a..2be2234  master -> master
branch 'master' set up to track 'origin/master'.
PS C:\wamp64\www\crud-php-simple-master> git pull origin master
From https://github.com/essaalshaibani/testrrr
 * branch            master     -> FETCH_HEAD
Already up to date.
PS C:\wamp64\www\crud-php-simple-master> git add .
PS C:\wamp64\www\crud-php-simple-master> git commit -m "gittttt"
[master 7d4f5b5] gittttt
 2 files changed, 36 insertions(+), 2 deletions(-)
PS C:\wamp64\www\crud-php-simple-master> git push -u origin master